C:/sanjeev/VIT/hackathon/Workshop/reqd_files/CMSIS/Include/core_cm4.h:1684:22:__NVIC_EnableIRQ	2
../Src/main.c:25:6:LeadOff_GPIO_Init	1
../Src/main.c:37:6:ECG_BandpassFilter	2
../Src/main.c:97:6:ECG_RemoveDC	3
../Src/main.c:133:6:USART2_Init	1
../Src/main.c:201:6:USART2_SendChar	2
../Src/main.c:215:6:USART2_SendString	2
../Src/main.c:227:6:USART2_SendUInt	4
../Src/main.c:274:6:TIM2_Init	1
../Src/main.c:303:6:ADC1_Init	1
../Src/main.c:405:6:DMA2_ADC1_Init	2
../Src/main.c:497:6:DMA2_Stream0_IRQHandler	3
../Src/main.c:525:5:main	3
