Archive member included to satisfy reference by file (symbol)

C:/ST/STM32CubeIDE_2.0.0/STM32CubeIDE/plugins/com.st.stm32cube.ide.mcu.externaltools.gnu-tools-for-stm32.13.3.rel1.win32_1.0.100.202509120712/tools/bin/../lib/gcc/arm-none-eabi/13.3.1/../../../../arm-none-eabi/lib/thumb/v7e-m+fp/hard\libc_nano.a(libc_a-exit.o)
                              C:/ST/STM32CubeIDE_2.0.0/STM32CubeIDE/plugins/com.st.stm32cube.ide.mcu.externaltools.gnu-tools-for-stm32.13.3.rel1.win32_1.0.100.202509120712/tools/bin/../lib/gcc/arm-none-eabi/13.3.1/../../../../arm-none-eabi/lib/thumb/v7e-m+fp/hard/crt0.o (exit)
C:/ST/STM32CubeIDE_2.0.0/STM32CubeIDE/plugins/com.st.stm32cube.ide.mcu.externaltools.gnu-tools-for-stm32.13.3.rel1.win32_1.0.100.202509120712/tools/bin/../lib/gcc/arm-none-eabi/13.3.1/../../../../arm-none-eabi/lib/thumb/v7e-m+fp/hard\libc_nano.a(libc_a-findfp.o)
                              C:/ST/STM32CubeIDE_2.0.0/STM32CubeIDE/plugins/com.st.stm32cube.ide.mcu.externaltools.gnu-tools-for-stm32.13.3.rel1.win32_1.0.100.202509120712/tools/bin/../lib/gcc/arm-none-eabi/13.3.1/../../../../arm-none-eabi/lib/thumb/v7e-m+fp/hard\libc_nano.a(libc_a-exit.o) (__stdio_exit_handler)
C:/ST/STM32CubeIDE_2.0.0/STM32CubeIDE/plugins/com.st.stm32cube.ide.mcu.externaltools.gnu-tools-for-stm32.13.3.rel1.win32_1.0.100.202509120712/tools/bin/../lib/gcc/arm-none-eabi/13.3.1/../../../../arm-none-eabi/lib/thumb/v7e-m+fp/hard\libc_nano.a(libc_a-fwalk.o)
                              C:/ST/STM32CubeIDE_2.0.0/STM32CubeIDE/plugins/com.st.stm32cube.ide.mcu.externaltools.gnu-tools-for-stm32.13.3.rel1.win32_1.0.100.202509120712/tools/bin/../lib/gcc/arm-none-eabi/13.3.1/../../../../arm-none-eabi/lib/thumb/v7e-m+fp/hard\libc_nano.a(libc_a-findfp.o) (_fwalk_sglue)
C:/ST/STM32CubeIDE_2.0.0/STM32CubeIDE/plugins/com.st.stm32cube.ide.mcu.externaltools.gnu-tools-for-stm32.13.3.rel1.win32_1.0.100.202509120712/tools/bin/../lib/gcc/arm-none-eabi/13.3.1/../../../../arm-none-eabi/lib/thumb/v7e-m+fp/hard\libc_nano.a(libc_a-stdio.o)
                              C:/ST/STM32CubeIDE_2.0.0/STM32CubeIDE/plugins/com.st.stm32cube.ide.mcu.externaltools.gnu-tools-for-stm32.13.3.rel1.win32_1.0.100.202509120712/tools/bin/../lib/gcc/arm-none-eabi/13.3.1/../../../../arm-none-eabi/lib/thumb/v7e-m+fp/hard\libc_nano.a(libc_a-findfp.o) (__sread)
C:/ST/STM32CubeIDE_2.0.0/STM32CubeIDE/plugins/com.st.stm32cube.ide.mcu.externaltools.gnu-tools-for-stm32.13.3.rel1.win32_1.0.100.202509120712/tools/bin/../lib/gcc/arm-none-eabi/13.3.1/../../../../arm-none-eabi/lib/thumb/v7e-m+fp/hard\libc_nano.a(libc_a-memset.o)
                              C:/ST/STM32CubeIDE_2.0.0/STM32CubeIDE/plugins/com.st.stm32cube.ide.mcu.externaltools.gnu-tools-for-stm32.13.3.rel1.win32_1.0.100.202509120712/tools/bin/../lib/gcc/arm-none-eabi/13.3.1/../../../../arm-none-eabi/lib/thumb/v7e-m+fp/hard/crt0.o (memset)
C:/ST/STM32CubeIDE_2.0.0/STM32CubeIDE/plugins/com.st.stm32cube.ide.mcu.externaltools.gnu-tools-for-stm32.13.3.rel1.win32_1.0.100.202509120712/tools/bin/../lib/gcc/arm-none-eabi/13.3.1/../../../../arm-none-eabi/lib/thumb/v7e-m+fp/hard\libc_nano.a(libc_a-closer.o)
                              C:/ST/STM32CubeIDE_2.0.0/STM32CubeIDE/plugins/com.st.stm32cube.ide.mcu.externaltools.gnu-tools-for-stm32.13.3.rel1.win32_1.0.100.202509120712/tools/bin/../lib/gcc/arm-none-eabi/13.3.1/../../../../arm-none-eabi/lib/thumb/v7e-m+fp/hard\libc_nano.a(libc_a-stdio.o) (_close_r)
C:/ST/STM32CubeIDE_2.0.0/STM32CubeIDE/plugins/com.st.stm32cube.ide.mcu.externaltools.gnu-tools-for-stm32.13.3.rel1.win32_1.0.100.202509120712/tools/bin/../lib/gcc/arm-none-eabi/13.3.1/../../../../arm-none-eabi/lib/thumb/v7e-m+fp/hard\libc_nano.a(libc_a-reent.o)
                              C:/ST/STM32CubeIDE_2.0.0/STM32CubeIDE/plugins/com.st.stm32cube.ide.mcu.externaltools.gnu-tools-for-stm32.13.3.rel1.win32_1.0.100.202509120712/tools/bin/../lib/gcc/arm-none-eabi/13.3.1/../../../../arm-none-eabi/lib/thumb/v7e-m+fp/hard\libc_nano.a(libc_a-closer.o) (errno)
C:/ST/STM32CubeIDE_2.0.0/STM32CubeIDE/plugins/com.st.stm32cube.ide.mcu.externaltools.gnu-tools-for-stm32.13.3.rel1.win32_1.0.100.202509120712/tools/bin/../lib/gcc/arm-none-eabi/13.3.1/../../../../arm-none-eabi/lib/thumb/v7e-m+fp/hard\libc_nano.a(libc_a-impure.o)
                              C:/ST/STM32CubeIDE_2.0.0/STM32CubeIDE/plugins/com.st.stm32cube.ide.mcu.externaltools.gnu-tools-for-stm32.13.3.rel1.win32_1.0.100.202509120712/tools/bin/../lib/gcc/arm-none-eabi/13.3.1/../../../../arm-none-eabi/lib/thumb/v7e-m+fp/hard\libc_nano.a(libc_a-reent.o) (_impure_ptr)
C:/ST/STM32CubeIDE_2.0.0/STM32CubeIDE/plugins/com.st.stm32cube.ide.mcu.externaltools.gnu-tools-for-stm32.13.3.rel1.win32_1.0.100.202509120712/tools/bin/../lib/gcc/arm-none-eabi/13.3.1/../../../../arm-none-eabi/lib/thumb/v7e-m+fp/hard\libc_nano.a(libc_a-lseekr.o)
[...]
Memory Configuration

Name             Origin             Length             Attributes
RAM              0x20000000         0x00010000         xrw
FLASH            0x08000000         0x00040000         xr
*default*        0x00000000         0xffffffff

Linker script and memory map

LOAD C:/ST/STM32CubeIDE_2.0.0/STM32CubeIDE/plugins/com.st.stm32cube.ide.mcu.externaltools.gnu-tools-for-stm32.13.3.rel1.win32_1.0.100.202509120712/tools/bin/../lib/gcc/arm-none-eabi/13.3.1/thumb/v7e-m+fp/hard/crti.o
LOAD C:/ST/STM32CubeIDE_2.0.0/STM32CubeIDE/plugins/com.st.stm32cube.ide.mcu.externaltools.gnu-tools-for-stm32.13.3.rel1.win32_1.0.100.202509120712/tools/bin/../lib/gcc/arm-none-eabi/13.3.1/thumb/v7e-m+fp/hard/crtbegin.o
LOAD C:/ST/STM32CubeIDE_2.0.0/STM32CubeIDE/plugins/com.st.stm32cube.ide.mcu.externaltools.gnu-tools-for-stm32.13.3.rel1.win32_1.0.100.202509120712/tools/bin/../lib/gcc/arm-none-eabi/13.3.1/../../../../arm-none-eabi/lib/thumb/v7e-m+fp/hard/crt0.o
LOAD ./Src/main.o
LOAD ./Src/syscalls.o
LOAD ./Src/sysmem.o
LOAD ./Src/system_stm32f4xx.o
LOAD ./Startup/startup_stm32f401ccux.o
START GROUP
LOAD C:/ST/STM32CubeIDE_2.0.0/STM32CubeIDE/plugins/com.st.stm32cube.ide.mcu.externaltools.gnu-tools-for-stm32.13.3.rel1.win32_1.0.100.202509120712/tools/bin/../lib/gcc/arm-none-eabi/13.3.1/../../../../arm-none-eabi/lib/thumb/v7e-m+fp/hard\libc_nano.a
LOAD C:/ST/STM32CubeIDE_2.0.0/STM32CubeIDE/plugins/com.st.stm32cube.ide.mcu.externaltools.gnu-tools-for-stm32.13.3.rel1.win32_1.0.100.202509120712/tools/bin/../lib/gcc/arm-none-eabi/13.3.1/../../../../arm-none-eabi/lib/thumb/v7e-m+fp/hard\libm.a
END GROUP
START GROUP
LOAD C:/ST/STM32CubeIDE_2.0.0/STM32CubeIDE/plugins/com.st.stm32cube.ide.mcu.externaltools.gnu-tools-for-stm32.13.3.rel1.win32_1.0.100.202509120712/tools/bin/../lib/gcc/arm-none-eabi/13.3.1/thumb/v7e-m+fp/hard\libgcc.a
LOAD C:/ST/STM32CubeIDE_2.0.0/STM32CubeIDE/plugins/com.st.stm32cube.ide.mcu.externaltools.gnu-tools-for-stm32.13.3.rel1.win32_1.0.100.202509120712/tools/bin/../lib/gcc/arm-none-eabi/13.3.1/../../../../arm-none-eabi/lib/thumb/v7e-m+fp/hard\libc_nano.a
END GROUP
START GROUP
LOAD C:/ST/STM32CubeIDE_2.0.0/STM32CubeIDE/plugins/com.st.stm32cube.ide.mcu.externaltools.gnu-tools-for-stm32.13.3.rel1.win32_1.0.100.202509120712/tools/bin/../lib/gcc/arm-none-eabi/13.3.1/thumb/v7e-m+fp/hard\libgcc.a
LOAD C:/ST/STM32CubeIDE_2.0.0/STM32CubeIDE/plugins/com.st.stm32cube.ide.mcu.externaltools.gnu-tools-for-stm32.13.3.rel1.win32_1.0.100.202509120712/tools/bin/../lib/gcc/arm-none-eabi/13.3.1/../../../../arm-none-eabi/lib/thumb/v7e-m+fp/hard\libc_nano.a
LOAD C:/ST/STM32CubeIDE_2.0.0/STM32CubeIDE/plugins/com.st.stm32cube.ide.mcu.externaltools.gnu-tools-for-stm32.13.3.rel1.win32_1.0.100.202509120712/tools/bin/../lib/gcc/arm-none-eabi/13.3.1/../../../../arm-none-eabi/lib/thumb/v7e-m+fp/hard\libnosys.a
END GROUP
START GROUP
LOAD C:/ST/STM32CubeIDE_2.0.0/STM32CubeIDE/plugins/com.st.stm32cube.ide.mcu.externaltools.gnu-tools-for-stm32.13.3.rel1.win32_1.0.100.202509120712/tools/bin/../lib/gcc/arm-none-eabi/13.3.1/thumb/v7e-m+fp/hard\libgcc.a
LOAD C:/ST/STM32CubeIDE_2.0.0/STM32CubeIDE/plugins/com.st.stm32cube.ide.mcu.externaltools.gnu-tools-for-stm32.13.3.rel1.win32_1.0.100.202509120712/tools/bin/../lib/gcc/arm-none-eabi/13.3.1/../../../../arm-none-eabi/lib/thumb/v7e-m+fp/hard\libc_nano.a
LOAD C:/ST/STM32CubeIDE_2.0.0/STM32CubeIDE/plugins/com.st.stm32cube.ide.mcu.externaltools.gnu-tools-for-stm32.13.3.rel1.win32_1.0.100.202509120712/tools/bin/../lib/gcc/arm-none-eabi/13.3.1/../../../../arm-none-eabi/lib/thumb/v7e-m+fp/hard\libnosys.a
END GROUP
LOAD C:/ST/STM32CubeIDE_2.0.0/STM32CubeIDE/plugins/com.st.stm32cube.ide.mcu.externaltools.gnu-tools-for-stm32.13.3.rel1.win32_1.0.100.202509120712/tools/bin/../lib/gcc/arm-none-eabi/13.3.1/thumb/v7e-m+fp/hard/crtend.o
LOAD C:/ST/STM32CubeIDE_2.0.0/STM32CubeIDE/plugins/com.st.stm32cube.ide.mcu.externaltools.gnu-tools-for-stm32.13.3.rel1.win32_1.0.100.202509120712/tools/bin/../lib/gcc/arm-none-eabi/13.3.1/thumb/v7e-m+fp/hard/crtn.o
                0x20010000                        _estack = (ORIGIN (RAM) + LENGTH (RAM))
                0x00000200                        _Min_Heap_Size = 0x200
                0x00000400                        _Min_Stack_Size = 0x400

.isr_vector     0x08000000      0x194
                0x08000000                        . = ALIGN (0x4)
 *(.isr_vector)
 .isr_vector    0x08000000      0x194 ./Startup/startup_stm32f401ccux.o
                0x08000000                g_pfnVectors
                0x08000194                        . = ALIGN (0x4)

.text           0x08000194      0x9a4
                0x08000194                        . = ALIGN (0x4)
 *(.text)
 .text          0x08000194       0x40 C:/ST/STM32CubeIDE_2.0.0/STM32CubeIDE/plugins/com.st.stm32cube.ide.mcu.externaltools.gnu-tools-for-stm32.13.3.rel1.win32_1.0.100.202509120712/tools/bin/../lib/gcc/arm-none-eabi/13.3.1/thumb/v7e-m+fp/hard/crtbegin.o
 *(.text*)
 .text.__NVIC_EnableIRQ
                0x080001d4       0x3c ./Src/main.o
 .text.LeadOff_GPIO_Init
                0x08000210       0x3c ./Src/main.o
                0x08000210                LeadOff_GPIO_Init
 .text.ECG_BandpassFilter
                0x0800024c      0x194 ./Src/main.o
                0x0800024c                ECG_BandpassFilter
 .text.ECG_RemoveDC
                0x080003e0       0x9c ./Src/main.o
                0x080003e0                ECG_RemoveDC
 .text.USART2_Init
                0x0800047c       0xc0 ./Src/main.o
                0x0800047c                USART2_Init
 .text.USART2_SendChar
                0x0800053c       0x30 ./Src/main.o
                0x0800053c                USART2_SendChar
 .text.USART2_SendString
                0x0800056c       0x2a ./Src/main.o
                0x0800056c                USART2_SendString
 *fill*         0x08000596        0x2 
 .text.TIM2_Init
                0x08000598       0x68 ./Src/main.o
                0x08000598                TIM2_Init
 .text.ADC1_Init
                0x08000600      0x10c ./Src/main.o
                0x08000600                ADC1_Init
 .text.DMA2_ADC1_Init
                0x0800070c      0x11c ./Src/main.o
                0x0800070c                DMA2_ADC1_Init
 .text.DMA2_Stream0_IRQHandler
                0x08000828       0x68 ./Src/main.o
                0x08000828                DMA2_Stream0_IRQHandler
 .text.main     0x08000890      0x134 ./Src/main.o
                0x08000890                main
 .text.SystemInit
                0x080009c4       0xc0 ./Src/system_stm32f4xx.o
                0x080009c4                SystemInit
 .text.Reset_Handler
                0x08000a84       0x50 ./Startup/startup_stm32f401ccux.o
                0x08000a84                Reset_Handler
 .text.Default_Handler
                0x08000ad4        0x2 ./Startup/startup_stm32f401ccux.o
                0x08000ad4                EXTI2_IRQHandler
                0x08000ad4                DebugMon_Handler
                0x08000ad4                SPI4_IRQHandler
                0x08000ad4                TIM1_CC_IRQHandler
                0x08000ad4                DMA2_Stream5_IRQHandler
                0x08000ad4                HardFault_Handler
                0x08000ad4                DMA1_Stream5_IRQHandler
                0x08000ad4                SysTick_Handler
                0x08000ad4                SDIO_IRQHandler
                0x08000ad4                TAMP_STAMP_IRQHandler
                0x08000ad4                PendSV_Handler
                0x08000ad4                NMI_Handler
                0x08000ad4                EXTI3_IRQHandler
                0x08000ad4                TIM1_UP_TIM10_IRQHandler
                0x08000ad4                I2C3_ER_IRQHandler
                0x08000ad4                EXTI18_OTG_FS_WKUP_IRQHandler
                0x08000ad4                EXTI0_IRQHandler
                0x08000ad4                I2C2_EV_IRQHandler
                0x08000ad4                DMA1_Stream2_IRQHandler
                0x08000ad4                UsageFault_Handler
                0x08000ad4                DMA2_Stream2_IRQHandler
                0x08000ad4                SPI1_IRQHandler
                0x08000ad4                TIM1_BRK_TIM9_IRQHandler
                0x08000ad4                DMA2_Stream3_IRQHandler
                0x08000ad4                USART6_IRQHandler
                0x08000ad4                TIM4_IRQHandler
                0x08000ad4                I2C1_EV_IRQHandler
                0x08000ad4                DMA1_Stream6_IRQHandler
                0x08000ad4                DMA1_Stream1_IRQHandler
                0x08000ad4                TIM3_IRQHandler
                0x08000ad4                RCC_IRQHandler
                0x08000ad4                Default_Handler
                0x08000ad4                EXTI15_10_IRQHandler
                0x08000ad4                ADC_IRQHandler
                0x08000ad4                DMA1_Stream7_IRQHandler
                0x08000ad4                TIM5_IRQHandler
                0x08000ad4                DMA2_Stream7_IRQHandler
                0x08000ad4                I2C3_EV_IRQHandler
                0x08000ad4                EXTI9_5_IRQHandler
                0x08000ad4                SPI2_IRQHandler
                0x08000ad4                MemManage_Handler
                0x08000ad4                DMA1_Stream0_IRQHandler
                0x08000ad4                SVC_Handler
                0x08000ad4                EXTI4_IRQHandler
                0x08000ad4                EXTI22_RTC_WKUP_IRQHandler
                0x08000ad4                TIM2_IRQHandler
                0x08000ad4                EXTI16_PVD_IRQHandler
                0x08000ad4                TIM1_TRG_COM_TIM11_IRQHandler
                0x08000ad4                EXTI1_IRQHandler
                0x08000ad4                EXTI17_RTC_Alarm_IRQHandler
                0x08000ad4                USART2_IRQHandler
                0x08000ad4                I2C2_ER_IRQHandler
                0x08000ad4                DMA2_Stream1_IRQHandler
                0x08000ad4                FLASH_IRQHandler
                0x08000ad4                DMA2_Stream4_IRQHandler
                0x08000ad4                BusFault_Handler
                0x08000ad4                USART1_IRQHandler
                0x08000ad4                OTG_FS_IRQHandler
                0x08000ad4                SPI3_IRQHandler
                0x08000ad4                DMA1_Stream4_IRQHandler
                0x08000ad4                I2C1_ER_IRQHandler
                0x08000ad4                DMA2_Stream6_IRQHandler
                0x08000ad4                DMA1_Stream3_IRQHandler
 *fill*         0x08000ad6        0x2 
 .text.__libc_init_array
                0x08000ad8       0x48 C:/ST/STM32CubeIDE_2.0.0/STM32CubeIDE/plugins/com.st.stm32cube.ide.mcu.externaltools.gnu-tools-for-stm32.13.3.rel1.win32_1.0.100.202509120712/tools/bin/../lib/gcc/arm-none-eabi/13.3.1/../../../../arm-none-eabi/lib/thumb/v7e-m+fp/hard\libc_nano.a(libc_a-init.o)
                0x08000ad8                __libc_init_array
 *(.glue_7)
 .glue_7        0x08000b20        0x0 linker stubs
 *(.glue_7t)
 .glue_7t       0x08000b20        0x0 linker stubs
 *(.eh_frame)
 .eh_frame      0x08000b20        0x0 C:/ST/STM32CubeIDE_2.0.0/STM32CubeIDE/plugins/com.st.stm32cube.ide.mcu.externaltools.gnu-tools-for-stm32.13.3.rel1.win32_1.0.100.202509120712/tools/bin/../lib/gcc/arm-none-eabi/13.3.1/thumb/v7e-m+fp/hard/crtbegin.o
 *(.init)
 .init          0x08000b20        0x4 C:/ST/STM32CubeIDE_2.0.0/STM32CubeIDE/plugins/com.st.stm32cube.ide.mcu.externaltools.gnu-tools-for-stm32.13.3.rel1.win32_1.0.100.202509120712/tools/bin/../lib/gcc/arm-none-eabi/13.3.1/thumb/v7e-m+fp/hard/crti.o
                0x08000b20                _init
 .init          0x08000b24        0x8 C:/ST/STM32CubeIDE_2.0.0/STM32CubeIDE/plugins/com.st.stm32cube.ide.mcu.externaltools.gnu-tools-for-stm32.13.3.rel1.win32_1.0.100.202509120712/tools/bin/../lib/gcc/arm-none-eabi/13.3.1/thumb/v7e-m+fp/hard/crtn.o
 *(.fini)
 .fini          0x08000b2c        0x4 C:/ST/STM32CubeIDE_2.0.0/STM32CubeIDE/plugins/com.st.stm32cube.ide.mcu.externaltools.gnu-tools-for-stm32.13.3.rel1.win32_1.0.100.202509120712/tools/bin/../lib/gcc/arm-none-eabi/13.3.1/thumb/v7e-m+fp/hard/crti.o
                0x08000b2c                _fini
 .fini          0x08000b30        0x8 C:/ST/STM32CubeIDE_2.0.0/STM32CubeIDE/plugins/com.st.stm32cube.ide.mcu.externaltools.gnu-tools-for-stm32.13.3.rel1.win32_1.0.100.202509120712/tools/bin/../lib/gcc/arm-none-eabi/13.3.1/thumb/v7e-m+fp/hard/crtn.o
                0x08000b38                        . = ALIGN (0x4)
                0x08000b38                        _etext = .

.vfp11_veneer   0x08000b38        0x0
 .vfp11_veneer  0x08000b38        0x0 linker stubs

.v4_bx          0x08000b38        0x0
 .v4_bx         0x08000b38        0x0 linker stubs

.iplt           0x08000b38        0x0
 .iplt          0x08000b38        0x0 C:/ST/STM32CubeIDE_2.0.0/STM32CubeIDE/plugins/com.st.stm32cube.ide.mcu.externaltools.gnu-tools-for-stm32.13.3.rel1.win32_1.0.100.202509120712/tools/bin/../lib/gcc/arm-none-eabi/13.3.1/thumb/v7e-m+fp/hard/crtbegin.o

.rodata         0x08000b38       0xa8
                0x08000b38                        . = ALIGN (0x4)
 *(.rodata)
 .rodata        0x08000b38       0xa8 ./Src/main.o
 *(.rodata*)
                0x08000be0                        . = ALIGN (0x4)

.ARM.extab      0x08000be0        0x0
                0x08000be0                        . = ALIGN (0x4)
 *(.ARM.extab* .gnu.linkonce.armextab.*)
                0x08000be0                        . = ALIGN (0x4)

.ARM            0x08000be0        0x0
                0x08000be0                        . = ALIGN (0x4)
                0x08000be0                        __exidx_start = .
 *(.ARM.exidx*)
                0x08000be0                        __exidx_end = .
                0x08000be0                        . = ALIGN (0x4)

.preinit_array  0x08000be0        0x0
                0x08000be0                        . = ALIGN (0x4)
                0x08000be0                        PROVIDE (__preinit_array_start = .)
 *(.preinit_array*)
                0x08000be0                        PROVIDE (__preinit_array_end = .)
                0x08000be0                        . = ALIGN (0x4)

.init_array     0x08000be0        0x4
                0x08000be0                        . = ALIGN (0x4)
                0x08000be0                        PROVIDE (__init_array_start = .)
 *(SORT_BY_NAME(.init_array.*))
 *(.init_array*)
 .init_array    0x08000be0        0x4 C:/ST/STM32CubeIDE_2.0.0/STM32CubeIDE/plugins/com.st.stm32cube.ide.mcu.externaltools.gnu-tools-for-stm32.13.3.rel1.win32_1.0.100.202509120712/tools/bin/../lib/gcc/arm-none-eabi/13.3.1/thumb/v7e-m+fp/hard/crtbegin.o
                0x08000be4                        PROVIDE (__init_array_end = .)
                0x08000be4                        . = ALIGN (0x4)

.fini_array     0x08000be4        0x4
                0x08000be4                        . = ALIGN (0x4)
                [!provide]                        PROVIDE (__fini_array_start = .)
 *(SORT_BY_NAME(.fini_array.*))
 *(.fini_array*)
 .fini_array    0x08000be4        0x4 C:/ST/STM32CubeIDE_2.0.0/STM32CubeIDE/plugins/com.st.stm32cube.ide.mcu.externaltools.gnu-tools-for-stm32.13.3.rel1.win32_1.0.100.202509120712/tools/bin/../lib/gcc/arm-none-eabi/13.3.1/thumb/v7e-m+fp/hard/crtbegin.o
                [!provide]                        PROVIDE (__fini_array_end = .)
                0x08000be8                        . = ALIGN (0x4)
                0x08000be8                        _sidata = LOADADDR (.data)

.rel.dyn        0x08000be8        0x0
 .rel.iplt      0x08000be8        0x0 C:/ST/STM32CubeIDE_2.0.0/STM32CubeIDE/plugins/com.st.stm32cube.ide.mcu.externaltools.gnu-tools-for-stm32.13.3.rel1.win32_1.0.100.202509120712/tools/bin/../lib/gcc/arm-none-eabi/13.3.1/thumb/v7e-m+fp/hard/crtbegin.o

.data           0x20000000        0x4 load address 0x08000be8
                0x20000000                        . = ALIGN (0x4)
                0x20000000                        _sdata = .
 *(.data)
 *(.data*)
 .data.SystemCoreClock
                0x20000000        0x4 ./Src/system_stm32f4xx.o
                0x20000000                SystemCoreClock
 *(.RamFunc)
 *(.RamFunc*)
                0x20000004                        . = ALIGN (0x4)
                0x20000004                        _edata = .

.igot.plt       0x20000004        0x0 load address 0x08000bec
 .igot.plt      0x20000004        0x0 C:/ST/STM32CubeIDE_2.0.0/STM32CubeIDE/plugins/com.st.stm32cube.ide.mcu.externaltools.gnu-tools-for-stm32.13.3.rel1.win32_1.0.100.202509120712/tools/bin/../lib/gcc/arm-none-eabi/13.3.1/thumb/v7e-m+fp/hard/crtbegin.o
                0x20000004                        . = ALIGN (0x4)

.bss            0x20000004      0x64c load address 0x08000bec
                0x20000004                        _sbss = .
                0x20000004                        __bss_start__ = _sbss
 *(.bss)
 .bss           0x20000004       0x1c C:/ST/STM32CubeIDE_2.0.0/STM32CubeIDE/plugins/com.st.stm32cube.ide.mcu.externaltools.gnu-tools-for-stm32.13.3.rel1.win32_1.0.100.202509120712/tools/bin/../lib/gcc/arm-none-eabi/13.3.1/thumb/v7e-m+fp/hard/crtbegin.o
 *(.bss*)
 .bss.ecg_half_ready
                0x20000020        0x1 ./Src/main.o
                0x20000020                ecg_half_ready
 .bss.ecg_full_ready
                0x20000021        0x1 ./Src/main.o
                0x20000021                ecg_full_ready
 *fill*         0x20000022        0x2 
 .bss.dma_half_count
                0x20000024        0x4 ./Src/main.o
                0x20000024                dma_half_count
 .bss.dma_full_count
                0x20000028        0x4 ./Src/main.o
                0x20000028                dma_full_count
 .bss.lead_off_lo_minus
                0x2000002c        0x1 ./Src/main.o
                0x2000002c                lead_off_lo_minus
 .bss.lead_off_lo_plus
                0x2000002d        0x1 ./Src/main.o
                0x2000002d                lead_off_lo_plus
 .bss.lead_off_detected
                0x2000002e        0x1 ./Src/main.o
                0x2000002e                lead_off_detected
 *fill*         0x2000002f        0x1 
 .bss.ecg_buffer
                0x20000030      0x200 ./Src/main.o
                0x20000030                ecg_buffer
 .bss.ecg_centered
                0x20000230      0x200 ./Src/main.o
                0x20000230                ecg_centered
 .bss.ecg_filtered
                0x20000430      0x200 ./Src/main.o
                0x20000430                ecg_filtered
 .bss.x1_1.7    0x20000630        0x4 ./Src/main.o
 .bss.x2_1.6    0x20000634        0x4 ./Src/main.o
 .bss.y1_1.5    0x20000638        0x4 ./Src/main.o
 .bss.y2_1.4    0x2000063c        0x4 ./Src/main.o
 .bss.x1_2.3    0x20000640        0x4 ./Src/main.o
 .bss.x2_2.2    0x20000644        0x4 ./Src/main.o
 .bss.y1_2.1    0x20000648        0x4 ./Src/main.o
 .bss.y2_2.0    0x2000064c        0x4 ./Src/main.o
 *(COMMON)
                0x20000650                        . = ALIGN (0x4)
                0x20000650                        _ebss = .
                0x20000650                        __bss_end__ = _ebss

._user_heap_stack
                0x20000650      0x600 load address 0x08000bec
                0x20000650                        . = ALIGN (0x8)
                [!provide]                        PROVIDE (end = .)
                0x20000650                        PROVIDE (_end = .)
                0x20000850                        . = (. + _Min_Heap_Size)
 *fill*         0x20000650      0x200 
                0x20000c50                        . = (. + _Min_Stack_Size)
 *fill*         0x20000850      0x400 
                0x20000c50                        . = ALIGN (0x8)

/DISCARD/
 libc.a(*)
 libm.a(*)
 libgcc.a(*)

.ARM.attributes
                0x00000000       0x30
 *(.ARM.attributes)
 .ARM.attributes
                0x00000000       0x22 C:/ST/STM32CubeIDE_2.0.0/STM32CubeIDE/plugins/com.st.stm32cube.ide.mcu.externaltools.gnu-tools-for-stm32.13.3.rel1.win32_1.0.100.202509120712/tools/bin/../lib/gcc/arm-none-eabi/13.3.1/thumb/v7e-m+fp/hard/crti.o
 .ARM.attributes
                0x00000022       0x34 C:/ST/STM32CubeIDE_2.0.0/STM32CubeIDE/plugins/com.st.stm32cube.ide.mcu.externaltools.gnu-tools-for-stm32.13.3.rel1.win32_1.0.100.202509120712/tools/bin/../lib/gcc/arm-none-eabi/13.3.1/thumb/v7e-m+fp/hard/crtbegin.o
 .ARM.attributes
                0x00000056       0x34 ./Src/main.o
 .ARM.attributes
                0x0000008a       0x34 ./Src/system_stm32f4xx.o
 .ARM.attributes
                0x000000be       0x21 ./Startup/startup_stm32f401ccux.o
 .ARM.attributes
                0x000000df       0x34 C:/ST/STM32CubeIDE_2.0.0/STM32CubeIDE/plugins/com.st.stm32cube.ide.mcu.externaltools.gnu-tools-for-stm32.13.3.rel1.win32_1.0.100.202509120712/tools/bin/../lib/gcc/arm-none-eabi/13.3.1/../../../../arm-none-eabi/lib/thumb/v7e-m+fp/hard\libc_nano.a(libc_a-init.o)
 .ARM.attributes
                0x00000113       0x22 C:/ST/STM32CubeIDE_2.0.0/STM32CubeIDE/plugins/com.st.stm32cube.ide.mcu.externaltools.gnu-tools-for-stm32.13.3.rel1.win32_1.0.100.202509120712/tools/bin/../lib/gcc/arm-none-eabi/13.3.1/thumb/v7e-m+fp/hard/crtn.o
OUTPUT(TrustFusion.elf elf32-littlearm)
LOAD linker stubs
LOAD C:/ST/STM32CubeIDE_2.0.0/STM32CubeIDE/plugins/com.st.stm32cube.ide.mcu.externaltools.gnu-tools-for-stm32.13.3.rel1.win32_1.0.100.202509120712/tools/bin/../lib/gcc/arm-none-eabi/13.3.1/../../../../arm-none-eabi/lib/thumb/v7e-m+fp/hard\libc.a
LOAD C:/ST/STM32CubeIDE_2.0.0/STM32CubeIDE/plugins/com.st.stm32cube.ide.mcu.externaltools.gnu-tools-for-stm32.13.3.rel1.win32_1.0.100.202509120712/tools/bin/../lib/gcc/arm-none-eabi/13.3.1/../../../../arm-none-eabi/lib/thumb/v7e-m+fp/hard\libm.a
LOAD C:/ST/STM32CubeIDE_2.0.0/STM32CubeIDE/plugins/com.st.stm32cube.ide.mcu.externaltools.gnu-tools-for-stm32.13.3.rel1.win32_1.0.100.202509120712/tools/bin/../lib/gcc/arm-none-eabi/13.3.1/thumb/v7e-m+fp/hard\libgcc.a

.debug_info     0x00000000     0x1362
 .debug_info    0x00000000      0xf9f ./Src/main.o
 .debug_info    0x00000f9f      0x393 ./Src/system_stm32f4xx.o
 .debug_info    0x00001332       0x30 ./Startup/startup_stm32f401ccux.o

.debug_abbrev   0x00000000      0x41b
 .debug_abbrev  0x00000000      0x2a5 ./Src/main.o
 .debug_abbrev  0x000002a5      0x152 ./Src/system_stm32f4xx.o
 .debug_abbrev  0x000003f7       0x24 ./Startup/startup_stm32f401ccux.o

.debug_aranges  0x00000000       0xd0
 .debug_aranges
                0x00000000       0x80 ./Src/main.o
 .debug_aranges
                0x00000080       0x28 ./Src/system_stm32f4xx.o
 .debug_aranges
                0x000000a8       0x28 ./Startup/startup_stm32f401ccux.o

.debug_rnglists
                0x00000000       0x95
 .debug_rnglists
                0x00000000       0x61 ./Src/main.o
 .debug_rnglists
                0x00000061       0x1b ./Src/system_stm32f4xx.o
 .debug_rnglists
                0x0000007c       0x19 ./Startup/startup_stm32f401ccux.o

.debug_macro    0x00000000     0xdbc5
 .debug_macro   0x00000000       0xc5 ./Src/main.o
 .debug_macro   0x000000c5      0xade ./Src/main.o
 .debug_macro   0x00000ba3       0x22 ./Src/main.o
 .debug_macro   0x00000bc5       0x8e ./Src/main.o
 .debug_macro   0x00000c53       0x51 ./Src/main.o
 .debug_macro   0x00000ca4      0x103 ./Src/main.o
 .debug_macro   0x00000da7       0x6a ./Src/main.o
 .debug_macro   0x00000e11      0x1df ./Src/main.o
 .debug_macro   0x00000ff0       0x28 ./Src/main.o
 .debug_macro   0x00001018       0x1c ./Src/main.o
 .debug_macro   0x00001034       0x22 ./Src/main.o
 .debug_macro   0x00001056       0xfb ./Src/main.o
 .debug_macro   0x00001151     0x1011 ./Src/main.o
 .debug_macro   0x00002162      0x11f ./Src/main.o
 .debug_macro   0x00002281     0xb881 ./Src/main.o
 .debug_macro   0x0000db02       0xc3 ./Src/system_stm32f4xx.o

.debug_line     0x00000000      0xffd
 .debug_line    0x00000000      0x971 ./Src/main.o
 .debug_line    0x00000971      0x611 ./Src/system_stm32f4xx.o
 .debug_line    0x00000f82       0x7b ./Startup/startup_stm32f401ccux.o

.debug_str      0x00000000    0x4f89c
 .debug_str     0x00000000    0x4f89c ./Src/main.o
                              0x4f971 (size before relaxing)
 .debug_str     0x0004f89c        0x0 ./Src/system_stm32f4xx.o
                              0x4f2ce (size before relaxing)
 .debug_str     0x0004f89c        0x0 ./Startup/startup_stm32f401ccux.o
                                 0x7c (size before relaxing)

.comment        0x00000000       0x43
 .comment       0x00000000       0x43 ./Src/main.o
                                 0x44 (size before relaxing)
 .comment       0x00000043        0x0 ./Src/system_stm32f4xx.o
                                 0x44 (size before relaxing)

.debug_frame    0x00000000      0x254
 .debug_frame   0x00000000      0x1d0 ./Src/main.o
 .debug_frame   0x000001d0       0x58 ./Src/system_stm32f4xx.o
 .debug_frame   0x00000228       0x2c C:/ST/STM32CubeIDE_2.0.0/STM32CubeIDE/plugins/com.st.stm32cube.ide.mcu.externaltools.gnu-tools-for-stm32.13.3.rel1.win32_1.0.100.202509120712/tools/bin/../lib/gcc/arm-none-eabi/13.3.1/../../../../arm-none-eabi/lib/thumb/v7e-m+fp/hard\libc_nano.a(libc_a-init.o)

.debug_line_str
                0x00000000       0x60
 .debug_line_str
                0x00000000       0x60 ./Startup/startup_stm32f401ccux.o
